
> app-cal-badminton@1.0.0 test
> vitest run


 RUN  v4.1.10 D:/DeleteByDuc/app-cal-badminton


 Test Files  1 passed (1)
      Tests  1 passed (1)
   Start at  10:52:14
   Duration  3.17s (transform 64ms, setup 433ms, import 136ms, tests 65ms, environment 2.17s)

